// Jest Snapshot v1, https://goo.gl/fbAQLP

exports[`Pruebas en <LoginScreen /> <LoginScreen /> debe de mostrarse correctamente 1`] = `
<div
  className="container-fluid login-container"
  style={
    Object {
      "backgroundImage": "url(/assets/img/background.jpg)",
      "backgroundPosition": "left bottom",
      "backgroundRepeat": "no-repeat",
      "backgroundSize": "cover",
    }
  }
>
  <div
    className="row animate__animated animate__fadeIn"
  >
    <div
      className="col-md-6 login-form-1"
    >
      <h3>
        Ingreso
      </h3>
      <form
        onSubmit={[Function]}
      >
        <div
          className="form-group"
        >
          <input
            className="form-control"
            name="lEmail"
            onChange={[Function]}
            placeholder="Correo"
            type="text"
            value="pedro@gmail.com"
          />
        </div>
        <div
          className="form-group"
        >
          <input
            className="form-control"
            name="lPassword"
            onChange={[Function]}
            placeholder="Contraseña"
            type="password"
            value="123456"
          />
        </div>
        <div
          className="form-group"
        >
          <input
            className="btnSubmit"
            type="submit"
            value="Login"
          />
        </div>
      </form>
    </div>
    <div
      className="col-md-6 login-form-2"
    >
      <h3>
        Registro
      </h3>
      <form
        onSubmit={[Function]}
      >
        <div
          className="form-group"
        >
          <input
            className="form-control"
            name="rName"
            onChange={[Function]}
            placeholder="Nombre"
            type="text"
            value="Pedro"
          />
        </div>
        <div
          className="form-group"
        >
          <input
            className="form-control"
            name="rEmail"
            onChange={[Function]}
            placeholder="Correo"
            type="email"
            value="pedro2@gmail.com"
          />
        </div>
        <div
          className="form-group"
        >
          <input
            className="form-control"
            name="rPassword1"
            onChange={[Function]}
            placeholder="Contraseña"
            type="password"
            value="123456"
          />
        </div>
        <div
          className="form-group"
        >
          <input
            className="form-control"
            name="rPassword2"
            onChange={[Function]}
            placeholder="Repita la contraseña"
            type="password"
            value="123456"
          />
        </div>
        <div
          className="form-group"
        >
          <input
            className="btnSubmit"
            type="submit"
            value="Crear cuenta"
          />
        </div>
      </form>
    </div>
  </div>
</div>
`;
